version: (200506)

available memory: 64M bytes
used memory: 131072 bytes [need 128K bytes if disable swap]

used block: 9 [memory(9) file(0)]
                 [ 8K(8) 64K(1) { total 128K bytes } ]
overhead: (9541) bytes for (9) blocks [Average: (1060) bytes/block]

write  => 0(times) 0K(bytes) [0K bytes to file]
read   => 1(times) 46K(bytes) [8K bytes compressed data from file]
access => 15641(times) 134M(bytes)
          [hit ratio: 99.9936%]

time: write(0) read(0)  unit: second

swap file directory: (/home/hedu22/dev/SPI_I2C_UVM/verdiLog)
used swap file number: (1)



swap file manager:
arrSize: (256)
idxCnt: (4)
closeHead: (1)
closeTail: (2)
openCnt: (2)
fid(3): fd(0) fileName(/home/hedu22/dev/SPI_I2C_UVM/build/simv.daidir/kdb.elab++/work.lib++/uvm_custom_install_verdi_recorder.sv.tdc)
	size(16100) lastModTime(1748203536) curModTime(1748203536)
	mode(rb)	hot(0) cool(0) pos(0)
fid(2): fd(22) fileName(/home/hedu22/dev/SPI_I2C_UVM/verdiLog/_swap_0001#261616969#3620374)
	size(0) lastModTime(0) curModTime(1748203549)
	mode(w+b)	hot(0) cool(1) pos(0)
fid(1): fd(1073741824) fileName(/home/hedu22/dev/SPI_I2C_UVM/build/simv.daidir/kdb.elab++/work.lib++/tb_SPI.sv.tdc)
	size(45808) lastModTime(1748203536) curModTime(1748203536)
	mode(rb)	hot(2) cool(0) pos(0)
fid(0): fd(0) fileName(NULL)
	mode(NULL)	hot(0) cool(0) pos(0)
==================================================
mySelf(0x200eccb0) pre(0x1f12f520) next((nil))
version(200506)
date(Dec  3 2024 20:20:45)
