Command: /home/hedu22/dev/SPI_I2C_UVM/././build/simv +UVM_TESTNAME=test -l ././build/simv.log +fsdbfile+./build/wave.fsdb
Chronologic VCS simulator copyright 1991-2024
Contains Synopsys proprietary information.
Compiler version W-2024.09-SP1_Full64; Runtime version W-2024.09-SP1_Full64;  May 26 05:22 2025
UVM_INFO /tools/synopsys/vcs/W-2024.09-SP1/etc/uvm-1.2/base/uvm_root.svh(402) @ 0: reporter [UVM/RELNOTES] 
----------------------------------------------------------------
UVM-1.2.Synopsys
(C) 2007-2014 Mentor Graphics Corporation
(C) 2007-2014 Cadence Design Systems, Inc.
(C) 2006-2014 Synopsys, Inc.
(C) 2011-2013 Cypress Semiconductor Corp.
(C) 2013-2014 NVIDIA Corporation
----------------------------------------------------------------

  ***********       IMPORTANT RELEASE NOTES         ************

  You are using a version of the UVM library that has been compiled
  with `UVM_NO_DEPRECATED undefined.
  See http://www.eda.org/svdb/view.php?id=3313 for more details.

  You are using a version of the UVM library that has been compiled
  with `UVM_OBJECT_DO_NOT_NEED_CONSTRUCTOR undefined.
  See http://www.eda.org/svdb/view.php?id=3770 for more details.

      (Specify +UVM_NO_RELNOTES to turn off this notice)

*Verdi* Loading libsscore_vcs202409.so
FSDB Dumper for VCS, Release Verdi_W-2024.09-SP2, Linux x86_64/64bit, 03/03/2025
(C) 1996 - 2025 by Synopsys, Inc.
*Verdi* FSDB WARNING: The FSDB file already exists. Overwriting the FSDB file may crash the programs that are using this file.
*Verdi* : Create FSDB file './build/wave.fsdb'
*Verdi* : Begin traversing the scopes, layer (0).
*Verdi* : End of traversing.
*Verdi* WARNING: Env/runtime option has specified fsdbfile name as "./build/wave.fsdb". Fsdbfile name in task "wave.fsdb" is ignored.
UVM_INFO @ 0: reporter [RNTST] Running test test...
UVM_INFO /tools/synopsys/vcs/W-2024.09-SP1/etc/uvm-1.2/base/uvm_root.svh(589) @ 0: reporter [UVMTOP] UVM testbench topology:
--------------------------------------------------------------
Name                       Type                    Size  Value
--------------------------------------------------------------
uvm_test_top               test                    -     @342 
  ENV                      SPI_environment         -     @361 
    AGT                    SPI_agent               -     @389 
      DRV                  SPI_driver              -     @418 
        rsp_port           uvm_analysis_port       -     @437 
        seq_item_port      uvm_seq_item_pull_port  -     @427 
      MON                  SPI_monitor             -     @399 
        WRITE              uvm_analysis_port       -     @408 
      SQR                  uvm_sequencer           -     @447 
        rsp_export         uvm_analysis_export     -     @456 
        seq_item_export    uvm_seq_item_pull_imp   -     @574 
        arbitration_queue  array                   0     -    
        lock_queue         array                   0     -    
        num_last_reqs      integral                32    'd1  
        num_last_rsps      integral                32    'd1  
    SCO                    SPI_scoreboard          -     @370 
      READ                 uvm_analysis_imp        -     @379 
--------------------------------------------------------------

UVM_INFO ./tb/tb_SPI.sv(124) @ 0: uvm_test_top.ENV.AGT.DRV [DRV] Driver started - initializing SPI interface
UVM_INFO ./tb/tb_SPI.sv(219) @ 0: uvm_test_top.ENV.AGT.MON [MON] Monitor started - sampling SPI transactions
UVM_INFO ./tb/tb_SPI.sv(60) @ 0: uvm_test_top.ENV.AGT.SQR@@SEQ [SEQ] Starting SPI test sequence
UVM_INFO ./tb/tb_SPI.sv(265) @ 8206000: uvm_test_top.ENV.SCO [SCO] Scoreboard started - checking SPI data integrity
UVM_INFO ./tb/tb_SPI.sv(293) @ 56436000: uvm_test_top.ENV.SCO [SCO] *** TEST PASSED *** TX:c9 = RX:c9
UVM_INFO ./tb/tb_SPI.sv(293) @ 64466000: uvm_test_top.ENV.SCO [SCO] *** TEST PASSED *** TX:35 = RX:35
UVM_INFO ./tb/tb_SPI.sv(293) @ 72496000: uvm_test_top.ENV.SCO [SCO] *** TEST PASSED *** TX:84 = RX:84
UVM_INFO ./tb/tb_SPI.sv(293) @ 80526000: uvm_test_top.ENV.SCO [SCO] *** TEST PASSED *** TX:c3 = RX:c3
UVM_INFO /tools/synopsys/vcs/W-2024.09-SP1/etc/uvm-1.2/base/uvm_objection.svh(1276) @ 80545000: reporter [TEST_DONE] 'run' phase is ready to proceed to the 'extract' phase
UVM_INFO /tools/synopsys/vcs/W-2024.09-SP1/etc/uvm-1.2/base/uvm_report_catcher.svh(705) @ 80545000: reporter [UVM/REPORT/CATCHER] 
--- UVM Report catcher Summary ---


Number of demoted UVM_FATAL reports  :    0
Number of demoted UVM_ERROR reports  :    0
Number of demoted UVM_WARNING reports:    0
Number of caught UVM_FATAL reports   :    0
Number of caught UVM_ERROR reports   :    0
Number of caught UVM_WARNING reports :    0

UVM_INFO /tools/synopsys/vcs/W-2024.09-SP1/etc/uvm-1.2/base/uvm_report_server.svh(904) @ 80545000: reporter [UVM/REPORT/SERVER] 
--- UVM Report Summary ---

** Report counts by severity
UVM_INFO :   13
UVM_WARNING :    0
UVM_ERROR :    0
UVM_FATAL :    0
** Report counts by id
[DRV]     1
[MON]     1
[RNTST]     1
[SCO]     5
[SEQ]     1
[TEST_DONE]     1
[UVM/RELNOTES]     1
[UVM/REPORT/CATCHER]     1
[UVMTOP]     1

$finish called from file "/tools/synopsys/vcs/W-2024.09-SP1/etc/uvm-1.2/base/uvm_root.svh", line 527.
$finish at simulation time             80545000
           V C S   S i m u l a t i o n   R e p o r t 
Time: 80545000 ps
CPU Time:      0.240 seconds;       Data structure size:   0.6Mb
Mon May 26 05:22:28 2025
